// Jest Snapshot v1, https://goo.gl/fbAQLP

exports[`Homepage Hero Content matches snapshot 1`] = `
<div>
  <div
    class="hero bg-primary-darkest text-white overflow-hidden"
    data-testid="homepage-hero"
  >
    <div
      class="grid-container hero--container padding-y-1 tablet:padding-y-3 tablet-lg:padding-y-10 desktop-lg:padding-top-15 desktop-lg:padding-bottom-10 position-relative"
      data-testid="gridContainer"
    >
      <div
        class="hero--text position-relative z-100"
      >
        <h1
          class="text-ls-neg-2 tablet:font-sans-2xl desktop-lg:font-sans-3xl desktop-lg:margin-top-2 text-balance"
        >
          <span>
            Let's build a simpler Grants.gov together
          </span>
        </h1>
        <p
          class="usa-intro line-height-sans-3 font-sans-md tablet:font-sans-lg text-balance"
        >
          Simpler.Grants.gov is our testing ground for the next generation of Grants.gov. With your help, we're setting a new standard for transparency and usability in government services. 
        </p>
      </div>
      <span
        class="usa-dark-background bg-transparent"
      >
        <a
          class="usa-button usa-button--small usa-button--unstyled usa-button--inverse desktop:position-absolute top-3 right-0 margin-y-1 desktop:margin-y-3 desktop:margin-x-4"
          href="https://github.com/HHS/simpler-grants-gov"
          target="_blank"
        >
          <svg
            aria-hidden="true"
            class="usa-icon usa-icon usa-icon--size-3"
            role="img"
          >
            <use
              href="/img.jpg#github"
            />
          </svg>
          Follow on GitHub
        </a>
      </span>
    </div>
  </div>
</div>
`;
