// Jest Snapshot v1, https://goo.gl/fbAQLP

exports[`Homepage Experimental Content matches snapshot 1`] = `
<div>
  <div
    class="bg-base-lightest"
  >
    <div
      class="grid-container display-flex flex-column padding-y-4 grid-container tablet-lg:flex-row tablet-lg:padding-y-6"
      data-testid="gridContainer"
    >
      <div
        class="grid-row"
        data-testid="grid"
      >
        <div
          class="tablet-lg:grid-col-4"
          data-testid="grid"
        >
          <h2
            class="margin-0 font-sans-lg tablet:font-sans-xl tablet-lg:maxw-card-lg"
          >
            Test out our experimental features
          </h2>
        </div>
        <div
          class="tablet-lg:grid-col-8 margin-top-2 margin-bottom-0 tablet-lg:margin-0"
          data-testid="grid"
        >
          <h2
            data-testid="homepage-experimental"
          >
            Tell us what's working (and what's not)
          </h2>
          <h3>
            What you can do now
          </h3>
          <p
            class="font-sans-md line-height-sans-4"
          >
            Search real Grants.gov data here on Simpler.Grants.gov. Our search aims to deliver closer matches to your keywords and filters. We also redesigned the results and opportunity listings to make them easier to navigate and read.
          </p>
          <a
            href="/search"
          >
            <button
              class="usa-button usa-button--big margin-y-2 usa-button--secondary"
              data-testid="button"
              type="button"
            >
              Try the new simpler search
            </button>
          </a>
          <h3>
            What you can't do quite yet
          </h3>
          <p
            class="font-sans-md line-height-sans-4"
          >
            For now, you need to visit Grants.gov to access more advanced features like applying. We're working to bring the application process to this website soon. In the meantime, follow our roadmap to stay updated on our progress.
          </p>
          <div
            class="grid-row grid-gap-md padding-y-2"
            data-testid="grid"
          >
            <div
              class="grid-col-6"
              data-testid="grid"
            >
              <svg
                aria-hidden="true"
                class="usa-icon usa-icon--size-4 text-middle"
                role="img"
              >
                <use
                  href="/img.jpg#build"
                />
              </svg>
              <h3>
                Send us your feedback and suggestions.
              </h3>
              <p
                class="font-sans-md line-height-sans-4"
              >
                We're excited to hear from you to learn how we can improve.
              </p>
              <a
                class="font-sans-md line-height-sans-4"
                href="mailto:simpler@grants.gov"
              >
                Contact us at simpler@grants.gov
              </a>
            </div>
            <div
              class="grid-col-6"
              data-testid="grid"
            >
              <svg
                aria-hidden="true"
                class="usa-icon usa-icon--size-4 text-middle"
                role="img"
              >
                <use
                  href="/img.jpg#mail"
                />
              </svg>
              <h3>
                Be the first to hear about new features.
              </h3>
              <p
                class="font-sans-md line-height-sans-4"
              >
                Our newsletter delivers the latest news straight to your inbox.
              </p>
              <a
                class="font-sans-md line-height-sans-4"
                href="/subscribe"
              >
                Subscribe to our newsletter
              </a>
            </div>
          </div>
        </div>
      </div>
    </div>
  </div>
</div>
`;
