// Jest Snapshot v1, https://goo.gl/fbAQLP

exports[`EditSavedSearchModal matches snapshot 1`] = `[Function]`;
