// Jest Snapshot v1, https://goo.gl/fbAQLP

exports[`StartApplicationModal matches snapshot 1`] = `[Function]`;
