// Jest Snapshot v1, https://goo.gl/fbAQLP

exports[`SaveSearchModal matches snapshot 1`] = `
<div>
  <div
    class="flex-1"
  >
    <button
      aria-controls="save-search"
      class="usa-button usa-button--unstyled padding-1 hover:bg-base-lightest"
      data-open-modal="true"
      data-testid="open-save-search-modal-button"
      type="button"
    >
      <svg
        aria-hidden="true"
        class="usa-icon usa-icon margin-right-05 margin-left-neg-05"
        role="img"
      >
        <use
          href="/img.jpg#add_circle_outline"
        />
      </svg>
      saveText
    </button>
  </div>
</div>
`;
