// Jest Snapshot v1, https://goo.gl/fbAQLP

exports[`Footer matches snapshot 1`] = `
<div>
  <footer
    class="usa-footer usa-footer--medium"
    data-testid="footer"
  >
    <div
      class="grid-container usa-footer__return-to-top margin-top-5"
      data-testid="gridContainer"
    >
      <a
        href="#"
      >
        Return to top
      </a>
    </div>
    <div
      class="usa-footer__primary-section"
    >
      <div
        class="grid-container"
        data-testid="gridContainer"
      >
        <div
          class="grid-row grid-gap"
          data-testid="grid"
        >
          <div
            class="tablet:grid-col-3"
            data-testid="grid"
          >
            <div
              class="footer-logo-container position-relative"
            >
              <img
                alt="Grants.gov logo"
                class="height-auto position-relative"
                data-nimg="fill"
                decoding="async"
                loading="lazy"
                src="/img.jpg"
                style="position: absolute; height: 100%; width: 100%; left: 0px; top: 0px; right: 0px; bottom: 0px; color: transparent;"
              />
            </div>
          </div>
          <div
            class="tablet:grid-col-3 usa-footer__nav border-0"
            data-testid="grid"
          >
            <h3>
              Explore
            </h3>
            <ul
              class="margin-top-3"
            >
              <li
                class="usa-footer__secondary-link margin-left-0"
              >
                <a
                  href="/"
                >
                  Home
                </a>
              </li>
              <li
                class="usa-footer__secondary-link margin-left-0"
              >
                <a
                  href="/{to}"
                >
                  Search
                </a>
              </li>
              <li
                class="usa-footer__secondary-link margin-left-0"
              >
                <a
                  href="/{to}"
                >
                  Vision
                </a>
              </li>
              <li
                class="usa-footer__secondary-link margin-left-0"
              >
                <a
                  href="/{to}"
                >
                  Roadmap
                </a>
              </li>
              <li
                class="usa-footer__secondary-link margin-left-0"
              >
                <a
                  href="/{to}"
                >
                  Events
                </a>
              </li>
              <li
                class="usa-footer__secondary-link margin-left-0"
              >
                <a
                  href="/{to}"
                >
                  Newsletter
                </a>
              </li>
            </ul>
          </div>
          <div
            class="tablet:grid-col-3 margin-top-3 tablet:margin-top-0"
            data-testid="grid"
          >
            <h3>
              Simpler.Grants.gov
            </h3>
            <div>
              To give feedback, contact: 
              <a
                href="mailto:simpler@grants.gov"
              >
                simpler@grants.gov
              </a>
            </div>
            <h3>
              Grants.gov Support Center
            </h3>
            <div>
              For technical support, contact: 
              <a
                href="mailto:support@grants.gov"
              >
                support@grants.gov
              </a>
            </div>
            <div
              class="margin-top-2"
            >
              1-800-518-4726
            </div>
          </div>
          <div
            class="tablet:grid-col-3 margin-top-3 tablet:margin-top-0"
            data-testid="grid"
          >
            <h3
              class=""
            >
              Grants.gov Program Management Office
            </h3>
            <div>
              Grantors, contact the PMO through your 
              <a
                href="https://www.grants.gov/grantors/grantor-help"
                rel="noopener noreferrer"
                target="_blank"
              >
                Agency Point of Contact
              </a>
              .
            </div>
          </div>
        </div>
      </div>
    </div>
    <div
      class="usa-footer__secondary-section"
    >
      <div
        class="grid-container"
      />
    </div>
  </footer>
</div>
`;
