// Jest Snapshot v1, https://goo.gl/fbAQLP

exports[`RequiredFieldIndicator matches snapshot 1`] = `
<div>
  <span
    class="usa-hint usa-hint--required"
    data-testid="required-field-indicator"
  >
    hi
  </span>
</div>
`;
