// Jest Snapshot v1, https://goo.gl/fbAQLP

exports[`CompetitionFormsTable matches snapshot 1`] = `
<div>
  <h3>
    requiredForms
  </h3>
  <table
    class="usa-table usa-table--borderless width-full overflow-wrap simpler-application-forms-table"
    data-testid="table"
  >
    <thead>
      <tr>
        <th
          class="bg-base-lightest padding-y-205"
          scope="col"
        >
          form
        </th>
        <th
          class="bg-base-lightest padding-y-205"
          scope="col"
        >
          instructions
        </th>
        <th
          class="bg-base-lightest padding-y-205"
          scope="col"
        >
          updated
        </th>
        <th
          class="bg-base-lightest padding-y-205"
          scope="col"
        >
          updatedBy
        </th>
      </tr>
    </thead>
    <tbody>
      <tr
        id="form-123e4567-e89b-12d3-a456-426614174001"
      >
        <td
          data-label="form"
        >
          <a
            class="text-bold"
            href="/workspace/applications/application/12345/form/123e4567-e89b-12d3-a456-426614174001"
          >
            ABC Project Form
          </a>
          <div
            class="display-flex flex-align-center text-italic"
          >
            <svg
              aria-hidden="true"
              class="usa-icon margin-right-1 usa-icon--size-3 icon-active"
              role="img"
            >
              <use
                href="/img.jpg#error_outline"
              />
            </svg>
            in_progress
          </div>
        </td>
        <td
          data-label="instructions"
        >
          attachmentUnavailable
        </td>
        <td
          data-label="updated"
        >
          <div>
             -- 
          </div>
        </td>
        <td
          data-label="updatedBy"
        >
          <div>
             -- 
          </div>
        </td>
      </tr>
    </tbody>
  </table>
  <h3>
    conditionalForms
  </h3>
  <p>
    conditionalFormsDescription
  </p>
  <table
    class="usa-table usa-table--borderless width-full overflow-wrap simpler-application-forms-table"
    data-testid="table"
  >
    <thead>
      <tr>
        <th
          class="bg-base-lightest padding-y-205 maxw-15"
          scope="col"
        >
          includeFormInApplicationSubmissionDataLabel
        </th>
        <th
          class="bg-base-lightest padding-y-205"
          scope="col"
        >
          form
        </th>
        <th
          class="bg-base-lightest padding-y-205"
          scope="col"
        >
          instructions
        </th>
        <th
          class="bg-base-lightest padding-y-205"
          scope="col"
        >
          updated
        </th>
        <th
          class="bg-base-lightest padding-y-205"
          scope="col"
        >
          updatedBy
        </th>
      </tr>
    </thead>
    <tbody>
      <tr
        id="form-123e4567-e89b-12d3-a456-426614174002"
      >
        <td
          data-label="includeFormInApplicationSubmissionDataLabel"
        >
          <div
            class="usa-radio"
            data-testid="radio"
          >
            <input
              class="usa-radio__input"
              id="include-form-in-application-submission-radio-yes"
              name="include-form-in-application-submission-radio-yes"
              type="radio"
              value="Yes"
            />
            <label
              class="usa-radio__label"
              for="include-form-in-application-submission-radio-yes"
            >
              Yes
            </label>
          </div>
          <div
            class="usa-radio"
            data-testid="radio"
          >
            <input
              class="usa-radio__input"
              id="include-form-in-application-submission-radio-no"
              name="include-form-in-application-submission-radio-no"
              type="radio"
              value="No"
            />
            <label
              class="usa-radio__label"
              for="include-form-in-application-submission-radio-no"
            >
              No
            </label>
          </div>
        </td>
        <td
          data-label="form"
        >
          <a
            class="text-bold"
            href="/workspace/applications/application/12345/form/123e4567-e89b-12d3-a456-426614174002"
          >
            DEF Project Form
          </a>
          <div
            class="display-flex flex-align-center text-italic"
          >
            <svg
              aria-hidden="true"
              class="usa-icon text-primary margin-right-1 usa-icon--size-3 icon-active"
              role="img"
            >
              <use
                href="/img.jpg#check_circle_outline"
              />
            </svg>
            complete
          </div>
        </td>
        <td
          data-label="instructions"
        >
          <a
            class="display-flex flex-align-center font-sans-2xs"
            href="string"
          >
            <svg
              aria-hidden="true"
              class="usa-icon margin-right-05"
              role="img"
            >
              <use
                href="/img.jpg#save_alt"
              />
            </svg>
            downloadInstructions
          </a>
        </td>
        <td
          data-label="updated"
        >
          <div>
             -- 
          </div>
        </td>
        <td
          data-label="updatedBy"
        >
          <div>
             -- 
          </div>
        </td>
      </tr>
    </tbody>
  </table>
</div>
`;
